
> temp-app@0.1.0 build
> next build

Γû▓ Next.js 16.1.6 (Turbopack)
- Environments: .env.local

node.exe : ΓÜá The "middleware" file convention is 
deprecated. Please use "proxy" instead. Learn more: 
https://nextjs.org/docs/messages/middleware-to-proxy
At C:\Program Files\nodejs\npm.ps1:29 char:3
+   & $NODE_EXE $NPM_CLI_JS $args
+   ~~~~~~~~~~~~~~~~~~~~~~~~~~~~~
    + CategoryInfo          : NotSpecified: (ΓÜá The "middle 
   ...leware-to-proxy:String) [], RemoteException
    + FullyQualifiedErrorId : NativeCommandError
 
  Creating an optimized production build ...
Γ£ô Compiled successfully in 10.6s
  Running TypeScript ...
  Collecting page data using 7 workers ...
  Generating static pages using 7 workers (0/47) ...
  Generating static pages using 7 workers (11/47) 
  Generating static pages using 7 workers (23/47) 
Γ¿» useSearchParams() should be wrapped in a suspense 
boundary at page "/shop". Read more: https://nextjs.org/docs/
messages/missing-suspense-with-csr-bailout
    at Q (C:\Users\codew\OneDrive\Desktop\SaaS 
Projects\Safety QR\.next\server\chunks\ssr\node_modules_next_
920e7746._.js:2:2111)
    at o (C:\Users\codew\OneDrive\Desktop\SaaS 
Projects\Safety QR\.next\server\chunks\ssr\node_modules_next_
920e7746._.js:4:5284)
    at p (C:\Users\codew\OneDrive\Desktop\SaaS 
Projects\Safety QR\.next\server\chunks\ssr\[root-of-the-serve
r]__821c3175._.js:1:20150)
    at an (C:\Users\codew\OneDrive\Desktop\SaaS 
Projects\Safety QR\node_modules\next\dist\compiled\next-serve
r\app-page-turbo.runtime.prod.js:2:84360)
    at ai (C:\Users\codew\OneDrive\Desktop\SaaS 
Projects\Safety QR\node_modules\next\dist\compiled\next-serve
r\app-page-turbo.runtime.prod.js:2:86179)
    at al (C:\Users\codew\OneDrive\Desktop\SaaS 
Projects\Safety QR\node_modules\next\dist\compiled\next-serve
r\app-page-turbo.runtime.prod.js:2:107953)
    at as (C:\Users\codew\OneDrive\Desktop\SaaS 
Projects\Safety QR\node_modules\next\dist\compiled\next-serve
r\app-page-turbo.runtime.prod.js:2:105368)
    at aa (C:\Users\codew\OneDrive\Desktop\SaaS 
Projects\Safety QR\node_modules\next\dist\compiled\next-serve
r\app-page-turbo.runtime.prod.js:2:84712)
    at ai (C:\Users\codew\OneDrive\Desktop\SaaS 
Projects\Safety QR\node_modules\next\dist\compiled\next-serve
r\app-page-turbo.runtime.prod.js:2:86228)
    at ai (C:\Users\codew\OneDrive\Desktop\SaaS 
Projects\Safety QR\node_modules\next\dist\compiled\next-serve
r\app-page-turbo.runtime.prod.js:2:104708)
Error occurred prerendering page "/shop". Read more: 
https://nextjs.org/docs/messages/prerender-error
Export encountered an error on /shop/page: /shop, exiting 
the build.
Γ¿» Next.js build worker exited with code: 1 and signal: null
